src/App.tsx(10,5): error TS2686: 'React' refers to a UMD global, but the current file is a module. Consider adding an import instead.
src/App.tsx(11,8): error TS2686: 'React' refers to a UMD global, but the current file is a module. Consider adding an import instead.
src/App.tsx(12,10): error TS2686: 'React' refers to a UMD global, but the current file is a module. Consider adding an import instead.
src/App.tsx(13,12): error TS2686: 'React' refers to a UMD global, but the current file is a module. Consider adding an import instead.
src/App.tsx(15,10): error TS2686: 'React' refers to a UMD global, but the current file is a module. Consider adding an import instead.
src/App.tsx(16,12): error TS2686: 'React' refers to a UMD global, but the current file is a module. Consider adding an import instead.
src/App.tsx(19,8): error TS2686: 'React' refers to a UMD global, but the current file is a module. Consider adding an import instead.
src/App.tsx(20,8): error TS2686: 'React' refers to a UMD global, but the current file is a module. Consider adding an import instead.
src/App.tsx(21,10): error TS2686: 'React' refers to a UMD global, but the current file is a module. Consider adding an import instead.
src/App.tsx(24,10): error TS2686: 'React' refers to a UMD global, but the current file is a module. Consider adding an import instead.
src/App.tsx(25,17): error TS2686: 'React' refers to a UMD global, but the current file is a module. Consider adding an import instead.
src/App.tsx(28,8): error TS2686: 'React' refers to a UMD global, but the current file is a module. Consider adding an import instead.
src/main.tsx(7,4): error TS2686: 'React' refers to a UMD global, but the current file is a module. Consider adding an import instead.
src/main.tsx(8,6): error TS2686: 'React' refers to a UMD global, but the current file is a module. Consider adding an import instead.
